// Jest Snapshot v1, https://goo.gl/fbAQLP

exports[`ListItem should render a ListItem 1`] = `
<View
  accessible={true}
  collapsable={false}
  focusable={true}
  onBlur={[Function]}
  onClick={[Function]}
  onFocus={[Function]}
  onResponderGrant={[Function]}
  onResponderMove={[Function]}
  onResponderRelease={[Function]}
  onResponderTerminate={[Function]}
  onResponderTerminationRequest={[Function]}
  onStartShouldSetResponder={[Function]}
  style={
    {
      "backgroundColor": "white",
      "borderRadius": 8,
      "margin": 16,
      "overflow": "hidden",
      "paddingBottom": 8,
    }
  }
  testID="list-item"
>
  <View>
    <Carrousel
      gallery={
        [
          "https://res.cloudinary.com/lastminute/image/upload/t_OSE_redes_item_view/v1499779963/Swindon_yjsrwz.jpg",
        ]
      }
      width={718}
    />
    <View
      style={
        {
          "paddingHorizontal": 16,
          "paddingVertical": 8,
        }
      }
    >
      <Text
        style={
          {
            "fontSize": 16,
            "fontWeight": "bold",
          }
        }
        testID="list-item-name"
      >
        Park Plaza London Waterloo
      </Text>
      <View
        style={
          {
            "flexDirection": "row",
            "justifyContent": "space-between",
            "marginVertical": 8,
          }
        }
      >
        <View
          style={
            {
              "flexDirection": "row",
            }
          }
        >
          <Image
            source={
              {
                "testUri": "../../../assets/star-small.png",
              }
            }
            style={
              [
                {
                  "height": 16,
                  "width": 16,
                },
                {
                  "tintColor": "orange",
                },
              ]
            }
          />
          <Image
            source={
              {
                "testUri": "../../../assets/star-small.png",
              }
            }
            style={
              [
                {
                  "height": 16,
                  "width": 16,
                },
                {
                  "tintColor": "orange",
                },
              ]
            }
          />
          <Image
            source={
              {
                "testUri": "../../../assets/star-small.png",
              }
            }
            style={
              [
                {
                  "height": 16,
                  "width": 16,
                },
                {
                  "tintColor": "orange",
                },
              ]
            }
          />
          <Image
            source={
              {
                "testUri": "../../../assets/star-small.png",
              }
            }
            style={
              [
                {
                  "height": 16,
                  "width": 16,
                },
                {
                  "tintColor": "orange",
                },
              ]
            }
          />
          <Image
            source={
              {
                "testUri": "../../../assets/star-small.png",
              }
            }
            style={
              [
                {
                  "height": 16,
                  "width": 16,
                },
                {
                  "tintColor": "gray",
                },
              ]
            }
          />
        </View>
        <View
          style={
            {
              "alignItems": "center",
              "flexDirection": "row",
            }
          }
        >
          <Text>
            User Rating
          </Text>
          <View
            style={
              [
                {
                  "alignItems": "center",
                  "borderRadius": 4,
                  "height": 18,
                  "justifyContent": "center",
                  "marginLeft": 6,
                  "width": 18,
                },
                {
                  "backgroundColor": "hsl(108, 100%, 70%)",
                },
              ]
            }
          >
            <Text
              adjustsFontSizeToFit={true}
              style={
                {
                  "fontWeight": "bold",
                  "textAlign": "center",
                  "textAlignVertical": "center",
                }
              }
            >
              9
            </Text>
          </View>
        </View>
      </View>
      <Text
        style={
          {
            "fontSize": 18,
            "fontWeight": "bold",
            "textAlign": "right",
          }
        }
      >
        120 â‚¬
      </Text>
    </View>
  </View>
</View>
`;
