// Jest Snapshot v1, https://goo.gl/fbAQLP

exports[`DetailsScreen should render correctly 1`] = `
<View
  style={
    {
      "backgroundColor": "white",
      "flex": 1,
      "padding": 16,
      "paddingTop": 80,
    }
  }
>
  <Carrousel
    autoPlay={true}
    gallery={
      [
        "https://res.cloudinary.com/lastminute/image/upload/t_OSE_redes_item_view/v1499779963/Swindon_yjsrwz.jpg",
      ]
    }
    width={718}
  />
  <Text
    style={
      {
        "fontSize": 18,
        "fontWeight": "bold",
        "marginVertical": 8,
      }
    }
  >
    Park Plaza London Waterloo
  </Text>
  <View
    style={
      {
        "alignItems": "center",
        "flexDirection": "row",
        "justifyContent": "space-between",
        "paddingVertical": 8,
      }
    }
  >
    <View
      style={
        {
          "flexDirection": "row",
        }
      }
    >
      <Image
        source={
          {
            "testUri": "../../../assets/star-small.png",
          }
        }
        style={
          [
            {
              "height": 16,
              "width": 16,
            },
            {
              "tintColor": "orange",
            },
          ]
        }
      />
      <Image
        source={
          {
            "testUri": "../../../assets/star-small.png",
          }
        }
        style={
          [
            {
              "height": 16,
              "width": 16,
            },
            {
              "tintColor": "orange",
            },
          ]
        }
      />
      <Image
        source={
          {
            "testUri": "../../../assets/star-small.png",
          }
        }
        style={
          [
            {
              "height": 16,
              "width": 16,
            },
            {
              "tintColor": "orange",
            },
          ]
        }
      />
      <Image
        source={
          {
            "testUri": "../../../assets/star-small.png",
          }
        }
        style={
          [
            {
              "height": 16,
              "width": 16,
            },
            {
              "tintColor": "orange",
            },
          ]
        }
      />
      <Image
        source={
          {
            "testUri": "../../../assets/star-small.png",
          }
        }
        style={
          [
            {
              "height": 16,
              "width": 16,
            },
            {
              "tintColor": "gray",
            },
          ]
        }
      />
    </View>
    <View
      style={
        {
          "alignItems": "center",
          "flexDirection": "row",
        }
      }
    >
      <Text>
        User Rating
      </Text>
      <View
        style={
          [
            {
              "alignItems": "center",
              "borderRadius": 4,
              "height": 18,
              "justifyContent": "center",
              "marginLeft": 6,
              "width": 18,
            },
            {
              "backgroundColor": "hsl(108, 100%, 70%)",
            },
          ]
        }
      >
        <Text
          adjustsFontSizeToFit={true}
          style={
            {
              "fontWeight": "bold",
              "textAlign": "center",
              "textAlignVertical": "center",
            }
          }
        >
          9
        </Text>
      </View>
    </View>
    <View>
      <Text
        style={
          {
            "fontSize": 20,
            "fontWeight": "bold",
          }
        }
      >
        120
         
        â‚¬
      </Text>
    </View>
  </View>
  <Text
    onPress={[Function]}
    style={
      {
        "textDecorationLine": "underline",
      }
    }
  >
    6 Hercules Road
    , 
    London
  </Text>
  <View
    style={
      {
        "backgroundColor": "lavenderblush",
        "borderRadius": 8,
        "marginTop": 8,
        "padding": 8,
      }
    }
  >
    <Text
      style={
        {
          "fontSize": 16,
          "fontWeight": "bold",
        }
      }
    >
      Contact:
    </Text>
    <Text>
      Phone: 
      +39 24322342
    </Text>
    <Text>
      Email: 
      park_plaza@gmail.com
    </Text>
    <Text
      style={
        {
          "fontSize": 16,
          "fontWeight": "bold",
        }
      }
    >
      Check in:
    </Text>
    <Text>
      From 
      14:00
       to 
      20:00
    </Text>
    <Text
      style={
        {
          "fontSize": 16,
          "fontWeight": "bold",
        }
      }
    >
      Check out: 
    </Text>
    <Text>
      From 
      07:00
       to 
      10:00
    </Text>
  </View>
  <View
    style={
      {
        "marginTop": 16,
      }
    }
  >
    <View
      accessibilityRole="button"
      accessible={true}
      collapsable={false}
      focusable={false}
      onClick={[Function]}
      onResponderGrant={[Function]}
      onResponderMove={[Function]}
      onResponderRelease={[Function]}
      onResponderTerminate={[Function]}
      onResponderTerminationRequest={[Function]}
      onStartShouldSetResponder={[Function]}
      style={
        {
          "opacity": 1,
        }
      }
    >
      <View
        style={
          [
            {},
          ]
        }
      >
        <Text
          style={
            [
              {
                "color": "#007AFF",
                "fontSize": 18,
                "margin": 8,
                "textAlign": "center",
              },
              {
                "color": "tomato",
              },
            ]
          }
        >
          Book Now
        </Text>
      </View>
    </View>
  </View>
</View>
`;
