// Jest Snapshot v1, https://goo.gl/fbAQLP

exports[`App renders correctly 1`] = `
<View
  style={
    Object {
      "flex": 1,
    }
  }
>
  <RNCSafeAreaProvider
    onInsetsChange={[Function]}
    style={
      Array [
        Object {
          "flex": 1,
        },
        undefined,
      ]
    }
  >
    <RNSScreenStack
      style={
        Object {
          "flex": 1,
        }
      }
    >
      <RNSScreen
        collapsable={false}
        forwardedRef={[Function]}
        gestureResponseDistance={
          Object {
            "bottom": -1,
            "end": -1,
            "start": -1,
            "top": -1,
          }
        }
        nativeBackButtonDismissalEnabled={false}
        onAppear={[Function]}
        onDisappear={[Function]}
        onDismissed={[Function]}
        onHeaderBackButtonClicked={[Function]}
        onNativeDismissCancelled={[Function]}
        onTransitionProgress={[Function]}
        onWillDisappear={[Function]}
        replaceAnimation="push"
        stackPresentation="push"
        style={
          Object {
            "bottom": 0,
            "left": 0,
            "position": "absolute",
            "right": 0,
            "top": 0,
          }
        }
        swipeDirection="horizontal"
      >
        <RNSScreenStackHeaderConfig
          backButtonInCustomView={false}
          backgroundColor="tomato"
          color="#fff"
          direction="ltr"
          disableBackButtonMenu={false}
          hidden={false}
          hideBackButton={false}
          largeTitleHideShadow={false}
          title="Hotels"
          titleColor="#fff"
          topInsetEnabled={false}
          translucent={false}
        />
        <View
          accessibilityElementsHidden={false}
          importantForAccessibility="auto"
          style={
            Object {
              "flex": 1,
              "flexDirection": "column-reverse",
            }
          }
        >
          <View
            style={
              Array [
                Object {
                  "flex": 1,
                },
                Object {
                  "backgroundColor": "rgb(242, 242, 242)",
                },
                undefined,
              ]
            }
          >
            <View
              style={
                Object {
                  "flex": 1,
                }
              }
            >
              <View
                style={
                  Object {
                    "backgroundColor": "lavenderblush",
                    "flex": 1,
                  }
                }
              >
                <RCTScrollView
                  getItem={[Function]}
                  getItemCount={[Function]}
                  keyExtractor={[Function]}
                  onContentSizeChange={[Function]}
                  onLayout={[Function]}
                  onMomentumScrollBegin={[Function]}
                  onMomentumScrollEnd={[Function]}
                  onScroll={[Function]}
                  onScrollBeginDrag={[Function]}
                  onScrollEndDrag={[Function]}
                  removeClippedSubviews={false}
                  renderItem={[Function]}
                  scrollEventThrottle={50}
                  stickyHeaderIndices={Array []}
                  viewabilityConfigCallbackPairs={Array []}
                >
                  <View />
                </RCTScrollView>
              </View>
            </View>
          </View>
        </View>
      </RNSScreen>
    </RNSScreenStack>
  </RNCSafeAreaProvider>
</View>
`;
